<?xml version="1.0" encoding="utf-8"?><testsuites name="pytest tests"><testsuite name="pytest" errors="0" failures="0" skipped="0" tests="14" time="0.518" timestamp="2025-11-23T13:37:39.118137+08:00" hostname="Ahans-iMac.local"><testcase classname="tests.test_api_structure" name="test_main_imports" time="0.437" /><testcase classname="tests.test_api_structure" name="test_api_routes_import" time="0.000" /><testcase classname="tests.test_api_structure" name="test_services_import" time="0.000" /><testcase classname="tests.test_api_structure" name="test_models_import" time="0.003" /><testcase classname="tests.test_api_structure" name="test_utils_import" time="0.002" /><testcase classname="tests.test_config" name="test_settings_has_required_attributes" time="0.000" /><testcase classname="tests.test_config" name="test_settings_defaults" time="0.000" /><testcase classname="tests.test_config" name="test_settings_table_names" time="0.000" /><testcase classname="tests.test_main" name="test_root_endpoint" time="0.012" /><testcase classname="tests.test_main" name="test_health_check" time="0.002" /><testcase classname="tests.test_main" name="test_app_has_routes" time="0.000" /><testcase classname="tests.test_syntax" name="test_main_syntax" time="0.002" /><testcase classname="tests.test_syntax" name="test_config_syntax" time="0.001" /><testcase classname="tests.test_syntax" name="test_api_files_syntax" time="0.003" /></testsuite></testsuites>